Fitter report for relogio_digital
Mon Jul 09 12:57:16 2018
Quartus II Version 9.1 Build 350 03/24/2010 Service Pack 2 SJ Web Edition


---------------------
; Table of Contents ;
---------------------
  1. Legal Notice
  2. Fitter Summary
  3. Fitter Settings
  4. Pin-Out File
  5. Fitter Resource Usage Summary
  6. Input Pins
  7. Output Pins
  8. All Package Pins
  9. I/O Standard
 10. Dedicated Inputs I/O
 11. Output Pin Default Load For Reported TCO
 12. Fitter Resource Utilization by Entity
 13. Control Signals
 14. Global & Other Fast Signals
 15. Non-Global High Fan-Out Signals
 16. Interconnect Usage Summary
 17. LAB Macrocells
 18. Shareable Expander
 19. Logic Cell Interconnection
 20. Fitter Device Options
 21. Fitter Messages



----------------
; Legal Notice ;
----------------
Copyright (C) 1991-2010 Altera Corporation
Your use of Altera Corporation's design tools, logic functions 
and other software and tools, and its AMPP partner logic 
functions, and any output files from any of the foregoing 
(including device programming or simulation files), and any 
associated documentation or information are expressly subject 
to the terms and conditions of the Altera Program License 
Subscription Agreement, Altera MegaCore Function License 
Agreement, or other applicable license agreement, including, 
without limitation, that your use is for the sole purpose of 
programming logic devices manufactured by Altera and sold by 
Altera or its authorized distributors.  Please refer to the 
applicable agreement for further details.



+----------------------------------------------------------------------+
; Fitter Summary                                                       ;
+-----------------------+----------------------------------------------+
; Fitter Status         ; Successful - Mon Jul 09 12:57:16 2018        ;
; Quartus II Version    ; 9.1 Build 350 03/24/2010 SP 2 SJ Web Edition ;
; Revision Name         ; relogio_digital                              ;
; Top-level Entity Name ; relogio_digital                              ;
; Family                ; MAX7000S                                     ;
; Device                ; EPM7064SLC44-7                               ;
; Timing Models         ; Final                                        ;
; Total macrocells      ; 42 / 64 ( 66 % )                             ;
; Total pins            ; 35 / 36 ( 97 % )                             ;
+-----------------------+----------------------------------------------+


+-------------------------------------------------------------------------------------------------------------+
; Fitter Settings                                                                                             ;
+----------------------------------------------------------------------------+----------------+---------------+
; Option                                                                     ; Setting        ; Default Value ;
+----------------------------------------------------------------------------+----------------+---------------+
; Device                                                                     ; EPM7064SLC44-7 ;               ;
; Fitter Effort                                                              ; Standard Fit   ; Auto Fit      ;
; Use smart compilation                                                      ; Off            ; Off           ;
; Enable parallel Assembler and TimeQuest Timing Analyzer during compilation ; On             ; On            ;
; Enable compact report table                                                ; Off            ; Off           ;
; Use TimeQuest Timing Analyzer                                              ; Off            ; Off           ;
; Optimize Timing for ECOs                                                   ; Off            ; Off           ;
; Regenerate full fit report during ECO compiles                             ; Off            ; Off           ;
; Optimize IOC Register Placement for Timing                                 ; On             ; On            ;
; Limit to One Fitting Attempt                                               ; Off            ; Off           ;
; Fitter Initial Placement Seed                                              ; 1              ; 1             ;
; Slow Slew Rate                                                             ; Off            ; Off           ;
; Force Fitter to Avoid Periphery Placement Warnings                         ; Off            ; Off           ;
; Use Best Effort Settings for Compilation                                   ; Off            ; Off           ;
+----------------------------------------------------------------------------+----------------+---------------+


+--------------+
; Pin-Out File ;
+--------------+
The pin-out file can be found in C:/Users/luizf/Downloads/relógio/relogio_digital.pin.


+-----------------------------------------------------------------------------------------+
; Fitter Resource Usage Summary                                                           ;
+-----------------------------------+-----------------------------------------------------+
; Resource                          ; Usage                                               ;
+-----------------------------------+-----------------------------------------------------+
; Logic cells                       ; 42 / 64 ( 66 % )                                    ;
; Registers                         ; 14 / 64 ( 22 % )                                    ;
; Number of pterms used             ; 120                                                 ;
; User inserted logic elements      ; 0                                                   ;
; I/O pins                          ; 35 / 36 ( 97 % )                                    ;
;     -- Clock pins                 ; 2 / 2 ( 100 % )                                     ;
;     -- Dedicated input pins       ; 1 / 2 ( 50 % )                                      ;
; Global signals                    ; 2                                                   ;
; Shareable expanders               ; 2 / 64 ( 3 % )                                      ;
; Parallel expanders                ; 0 / 60 ( 0 % )                                      ;
; Cells using turbo bit             ; 42 / 64 ( 66 % )                                    ;
; Maximum fan-out node              ; clear                                               ;
; Maximum fan-out                   ; 14                                                  ;
; Highest non-global fan-out signal ; contador_mod6:dezenas_segundos|ffjk_bdc:ffjk2|qtemp ;
; Highest non-global fan-out        ; 13                                                  ;
; Total fan-out                     ; 192                                                 ;
; Average fan-out                   ; 2.43                                                ;
+-----------------------------------+-----------------------------------------------------+


+-----------------------------------------------------------------------------------------------------------------------------------------------+
; Input Pins                                                                                                                                    ;
+---------+-------+----------+-----+-----------------------+--------------------+--------+----------------+--------------+----------------------+
; Name    ; Pin # ; I/O Bank ; LAB ; Combinational Fan-Out ; Registered Fan-Out ; Global ; Input Register ; I/O Standard ; Location assigned by ;
+---------+-------+----------+-----+-----------------------+--------------------+--------+----------------+--------------+----------------------+
; clear   ; 1     ; --       ; --  ; 14                    ; 0                  ; yes    ; no             ; TTL          ; Fitter               ;
; clock   ; 43    ; --       ; --  ; 4                     ; 0                  ; yes    ; no             ; TTL          ; Fitter               ;
; entrada ; 2     ; --       ; --  ; 4                     ; 0                  ; no     ; no             ; TTL          ; Fitter               ;
+---------+-------+----------+-----+-----------------------+--------------------+--------+----------------+--------------+----------------------+


+------------------------------------------------------------------------------------------------------------------------------------------------------------------------------------------------+
; Output Pins                                                                                                                                                                                    ;
+------------+-------+----------+-----+-----------------+----------------+------------+---------------+--------------+----------------------+-------+----------------------+---------------------+
; Name       ; Pin # ; I/O Bank ; LAB ; Output Register ; Slow Slew Rate ; Open Drain ; TRI Primitive ; I/O Standard ; Location assigned by ; Load  ; Output Enable Source ; Output Enable Group ;
+------------+-------+----------+-----+-----------------+----------------+------------+---------------+--------------+----------------------+-------+----------------------+---------------------+
; dez_min[0] ; 16    ; --       ; 2   ; no              ; no             ; no         ; no            ; TTL          ; Fitter               ; 10 pF ; -                    ; -                   ;
; dez_min[1] ; 14    ; --       ; 2   ; no              ; no             ; no         ; no            ; TTL          ; Fitter               ; 10 pF ; -                    ; -                   ;
; dez_min[2] ; 18    ; --       ; 2   ; no              ; no             ; no         ; no            ; TTL          ; Fitter               ; 10 pF ; -                    ; -                   ;
; dez_min[3] ; 17    ; --       ; 2   ; no              ; no             ; no         ; no            ; TTL          ; Fitter               ; 10 pF ; -                    ; -                   ;
; dez_min[4] ; 19    ; --       ; 2   ; no              ; no             ; no         ; no            ; TTL          ; Fitter               ; 10 pF ; -                    ; -                   ;
; dez_min[5] ; 21    ; --       ; 2   ; no              ; no             ; no         ; no            ; TTL          ; Fitter               ; 10 pF ; -                    ; -                   ;
; dez_min[6] ; 20    ; --       ; 2   ; no              ; no             ; no         ; no            ; TTL          ; Fitter               ; 10 pF ; -                    ; -                   ;
; dez_sec[0] ; 6     ; --       ; 1   ; no              ; no             ; no         ; no            ; TTL          ; Fitter               ; 10 pF ; -                    ; -                   ;
; dez_sec[1] ; 4     ; --       ; 1   ; no              ; no             ; no         ; no            ; TTL          ; Fitter               ; 10 pF ; -                    ; -                   ;
; dez_sec[2] ; 5     ; --       ; 1   ; no              ; no             ; no         ; no            ; TTL          ; Fitter               ; 10 pF ; -                    ; -                   ;
; dez_sec[3] ; 9     ; --       ; 1   ; no              ; no             ; no         ; no            ; TTL          ; Fitter               ; 10 pF ; -                    ; -                   ;
; dez_sec[4] ; 12    ; --       ; 1   ; no              ; no             ; no         ; no            ; TTL          ; Fitter               ; 10 pF ; -                    ; -                   ;
; dez_sec[5] ; 8     ; --       ; 1   ; no              ; no             ; no         ; no            ; TTL          ; Fitter               ; 10 pF ; -                    ; -                   ;
; dez_sec[6] ; 11    ; --       ; 1   ; no              ; no             ; no         ; no            ; TTL          ; Fitter               ; 10 pF ; -                    ; -                   ;
; uni_min[0] ; 36    ; --       ; 4   ; no              ; no             ; no         ; no            ; TTL          ; Fitter               ; 10 pF ; -                    ; -                   ;
; uni_min[1] ; 40    ; --       ; 4   ; no              ; no             ; no         ; no            ; TTL          ; Fitter               ; 10 pF ; -                    ; -                   ;
; uni_min[2] ; 41    ; --       ; 4   ; no              ; no             ; no         ; no            ; TTL          ; Fitter               ; 10 pF ; -                    ; -                   ;
; uni_min[3] ; 34    ; --       ; 4   ; no              ; no             ; no         ; no            ; TTL          ; Fitter               ; 10 pF ; -                    ; -                   ;
; uni_min[4] ; 39    ; --       ; 4   ; no              ; no             ; no         ; no            ; TTL          ; Fitter               ; 10 pF ; -                    ; -                   ;
; uni_min[5] ; 37    ; --       ; 4   ; no              ; no             ; no         ; no            ; TTL          ; Fitter               ; 10 pF ; -                    ; -                   ;
; uni_min[6] ; 33    ; --       ; 4   ; no              ; no             ; no         ; no            ; TTL          ; Fitter               ; 10 pF ; -                    ; -                   ;
; uni_sec[0] ; 31    ; --       ; 3   ; no              ; no             ; no         ; no            ; TTL          ; Fitter               ; 10 pF ; -                    ; -                   ;
; uni_sec[1] ; 27    ; --       ; 3   ; no              ; no             ; no         ; no            ; TTL          ; Fitter               ; 10 pF ; -                    ; -                   ;
; uni_sec[2] ; 24    ; --       ; 3   ; no              ; no             ; no         ; no            ; TTL          ; Fitter               ; 10 pF ; -                    ; -                   ;
; uni_sec[3] ; 29    ; --       ; 3   ; no              ; no             ; no         ; no            ; TTL          ; Fitter               ; 10 pF ; -                    ; -                   ;
; uni_sec[4] ; 26    ; --       ; 3   ; no              ; no             ; no         ; no            ; TTL          ; Fitter               ; 10 pF ; -                    ; -                   ;
; uni_sec[5] ; 25    ; --       ; 3   ; no              ; no             ; no         ; no            ; TTL          ; Fitter               ; 10 pF ; -                    ; -                   ;
; uni_sec[6] ; 28    ; --       ; 3   ; no              ; no             ; no         ; no            ; TTL          ; Fitter               ; 10 pF ; -                    ; -                   ;
+------------+-------+----------+-----+-----------------+----------------+------------+---------------+--------------+----------------------+-------+----------------------+---------------------+


+-------------------------------------------------------------------------------------------------------+
; All Package Pins                                                                                      ;
+----------+------------+----------+----------------+--------+--------------+---------+-----------------+
; Location ; Pad Number ; I/O Bank ; Pin Name/Usage ; Dir.   ; I/O Standard ; Voltage ; User Assignment ;
+----------+------------+----------+----------------+--------+--------------+---------+-----------------+
; 1        ; 0          ; --       ; clear          ; input  ; TTL          ;         ; N               ;
; 2        ; 1          ; --       ; entrada        ; input  ; TTL          ;         ; N               ;
; 3        ; 2          ; --       ; VCC            ; power  ;              ;         ;                 ;
; 4        ; 3          ; --       ; dez_sec[1]     ; output ; TTL          ;         ; N               ;
; 5        ; 4          ; --       ; dez_sec[2]     ; output ; TTL          ;         ; N               ;
; 6        ; 5          ; --       ; dez_sec[0]     ; output ; TTL          ;         ; N               ;
; 7        ; 6          ; --       ; TDI            ; input  ; TTL          ;         ; N               ;
; 8        ; 7          ; --       ; dez_sec[5]     ; output ; TTL          ;         ; N               ;
; 9        ; 8          ; --       ; dez_sec[3]     ; output ; TTL          ;         ; N               ;
; 10       ; 9          ; --       ; GND            ; gnd    ;              ;         ;                 ;
; 11       ; 10         ; --       ; dez_sec[6]     ; output ; TTL          ;         ; N               ;
; 12       ; 11         ; --       ; dez_sec[4]     ; output ; TTL          ;         ; N               ;
; 13       ; 12         ; --       ; TMS            ; input  ; TTL          ;         ; N               ;
; 14       ; 13         ; --       ; dez_min[1]     ; output ; TTL          ;         ; N               ;
; 15       ; 14         ; --       ; VCC            ; power  ;              ;         ;                 ;
; 16       ; 15         ; --       ; dez_min[0]     ; output ; TTL          ;         ; N               ;
; 17       ; 16         ; --       ; dez_min[3]     ; output ; TTL          ;         ; N               ;
; 18       ; 17         ; --       ; dez_min[2]     ; output ; TTL          ;         ; N               ;
; 19       ; 18         ; --       ; dez_min[4]     ; output ; TTL          ;         ; N               ;
; 20       ; 19         ; --       ; dez_min[6]     ; output ; TTL          ;         ; N               ;
; 21       ; 20         ; --       ; dez_min[5]     ; output ; TTL          ;         ; N               ;
; 22       ; 21         ; --       ; GND            ; gnd    ;              ;         ;                 ;
; 23       ; 22         ; --       ; VCC            ; power  ;              ;         ;                 ;
; 24       ; 23         ; --       ; uni_sec[2]     ; output ; TTL          ;         ; N               ;
; 25       ; 24         ; --       ; uni_sec[5]     ; output ; TTL          ;         ; N               ;
; 26       ; 25         ; --       ; uni_sec[4]     ; output ; TTL          ;         ; N               ;
; 27       ; 26         ; --       ; uni_sec[1]     ; output ; TTL          ;         ; N               ;
; 28       ; 27         ; --       ; uni_sec[6]     ; output ; TTL          ;         ; N               ;
; 29       ; 28         ; --       ; uni_sec[3]     ; output ; TTL          ;         ; N               ;
; 30       ; 29         ; --       ; GND            ; gnd    ;              ;         ;                 ;
; 31       ; 30         ; --       ; uni_sec[0]     ; output ; TTL          ;         ; N               ;
; 32       ; 31         ; --       ; TCK            ; input  ; TTL          ;         ; N               ;
; 33       ; 32         ; --       ; uni_min[6]     ; output ; TTL          ;         ; N               ;
; 34       ; 33         ; --       ; uni_min[3]     ; output ; TTL          ;         ; N               ;
; 35       ; 34         ; --       ; VCC            ; power  ;              ;         ;                 ;
; 36       ; 35         ; --       ; uni_min[0]     ; output ; TTL          ;         ; N               ;
; 37       ; 36         ; --       ; uni_min[5]     ; output ; TTL          ;         ; N               ;
; 38       ; 37         ; --       ; TDO            ; output ; TTL          ;         ; N               ;
; 39       ; 38         ; --       ; uni_min[4]     ; output ; TTL          ;         ; N               ;
; 40       ; 39         ; --       ; uni_min[1]     ; output ; TTL          ;         ; N               ;
; 41       ; 40         ; --       ; uni_min[2]     ; output ; TTL          ;         ; N               ;
; 42       ; 41         ; --       ; GND            ; gnd    ;              ;         ;                 ;
; 43       ; 42         ; --       ; clock          ; input  ; TTL          ;         ; N               ;
; 44       ; 43         ; --       ; GND+           ;        ;              ;         ;                 ;
+----------+------------+----------+----------------+--------+--------------+---------+-----------------+
Note: Pin directions (input, output or bidir) are based on device operating in user mode.


+--------------------------------------------------------------------------------------------------+
; I/O Standard                                                                                     ;
+--------------+------------+----------------------+-------------------+-------------------+-------+
; I/O Standard ; Input Vref ; Dedicated Input Pins ; Pins in I/O Bank1 ; Pins in I/O Bank2 ; Total ;
+--------------+------------+----------------------+-------------------+-------------------+-------+
; TTL          ; -          ; 3                    ; 0                 ; 0                 ; 3     ;
+--------------+------------+----------------------+-------------------+-------------------+-------+


+-----------------------------------------------------------------------+
; Dedicated Inputs I/O                                                  ;
+---------+-------+-------+-------+--------------+------------+---------+
; Name    ; Pin # ; Type  ; VCCIO ; I/O Standard ; Input Vref ; Current ;
+---------+-------+-------+-------+--------------+------------+---------+
; clear   ; 1     ; Input ; --    ; TTL          ; -          ; 0 mA    ;
; clock   ; 43    ; Input ; --    ; TTL          ; -          ; 0 mA    ;
; entrada ; 2     ; Input ; --    ; TTL          ; -          ; 0 mA    ;
+---------+-------+-------+-------+--------------+------------+---------+


+-----------------------------------------------+
; Output Pin Default Load For Reported TCO      ;
+--------------+-------+------------------------+
; I/O Standard ; Load  ; Termination Resistance ;
+--------------+-------+------------------------+
; TTL          ; 10 pF ; Not Available          ;
+--------------+-------+------------------------+
Note: User assignments will override these defaults. The user specified values are listed in the Output Pins and Bidir Pins tables.


+---------------------------------------------------------------------------------------------------------------------------------------------+
; Fitter Resource Utilization by Entity                                                                                                       ;
+---------------------------------------+------------+------+------------------------------------------------------------------+--------------+
; Compilation Hierarchy Node            ; Macrocells ; Pins ; Full Hierarchy Name                                              ; Library Name ;
+---------------------------------------+------------+------+------------------------------------------------------------------+--------------+
; |relogio_digital                      ; 42         ; 35   ; |relogio_digital                                                 ; work         ;
;    |and_2:clock_dezenas_minutos|      ; 0          ; 0    ; |relogio_digital|and_2:clock_dezenas_minutos                     ; work         ;
;    |and_2:clock_dezenas_segundos|     ; 0          ; 0    ; |relogio_digital|and_2:clock_dezenas_segundos                    ; work         ;
;    |contador_mod10:unidades_minutos|  ; 4          ; 0    ; |relogio_digital|contador_mod10:unidades_minutos                 ; work         ;
;       |ffjk_bdc:ffjk0|                ; 1          ; 0    ; |relogio_digital|contador_mod10:unidades_minutos|ffjk_bdc:ffjk0  ; work         ;
;       |ffjk_bdc:ffjk1|                ; 1          ; 0    ; |relogio_digital|contador_mod10:unidades_minutos|ffjk_bdc:ffjk1  ; work         ;
;       |ffjk_bdc:ffjk2|                ; 1          ; 0    ; |relogio_digital|contador_mod10:unidades_minutos|ffjk_bdc:ffjk2  ; work         ;
;       |ffjk_bdc:ffjk3|                ; 1          ; 0    ; |relogio_digital|contador_mod10:unidades_minutos|ffjk_bdc:ffjk3  ; work         ;
;    |contador_mod10:unidades_segundos| ; 4          ; 0    ; |relogio_digital|contador_mod10:unidades_segundos                ; work         ;
;       |ffjk_bdc:ffjk0|                ; 1          ; 0    ; |relogio_digital|contador_mod10:unidades_segundos|ffjk_bdc:ffjk0 ; work         ;
;       |ffjk_bdc:ffjk1|                ; 1          ; 0    ; |relogio_digital|contador_mod10:unidades_segundos|ffjk_bdc:ffjk1 ; work         ;
;       |ffjk_bdc:ffjk2|                ; 1          ; 0    ; |relogio_digital|contador_mod10:unidades_segundos|ffjk_bdc:ffjk2 ; work         ;
;       |ffjk_bdc:ffjk3|                ; 1          ; 0    ; |relogio_digital|contador_mod10:unidades_segundos|ffjk_bdc:ffjk3 ; work         ;
;    |contador_mod6:dezenas_minutos|    ; 3          ; 0    ; |relogio_digital|contador_mod6:dezenas_minutos                   ; work         ;
;       |ffjk_bdc:ffjk0|                ; 1          ; 0    ; |relogio_digital|contador_mod6:dezenas_minutos|ffjk_bdc:ffjk0    ; work         ;
;       |ffjk_bdc:ffjk1|                ; 1          ; 0    ; |relogio_digital|contador_mod6:dezenas_minutos|ffjk_bdc:ffjk1    ; work         ;
;       |ffjk_bdc:ffjk2|                ; 1          ; 0    ; |relogio_digital|contador_mod6:dezenas_minutos|ffjk_bdc:ffjk2    ; work         ;
;    |contador_mod6:dezenas_segundos|   ; 3          ; 0    ; |relogio_digital|contador_mod6:dezenas_segundos                  ; work         ;
;       |ffjk_bdc:ffjk0|                ; 1          ; 0    ; |relogio_digital|contador_mod6:dezenas_segundos|ffjk_bdc:ffjk0   ; work         ;
;       |ffjk_bdc:ffjk1|                ; 1          ; 0    ; |relogio_digital|contador_mod6:dezenas_segundos|ffjk_bdc:ffjk1   ; work         ;
;       |ffjk_bdc:ffjk2|                ; 1          ; 0    ; |relogio_digital|contador_mod6:dezenas_segundos|ffjk_bdc:ffjk2   ; work         ;
;    |decodificador_bcd:bcd_dez_min|    ; 7          ; 0    ; |relogio_digital|decodificador_bcd:bcd_dez_min                   ; work         ;
;    |decodificador_bcd:bcd_dez_seg|    ; 7          ; 0    ; |relogio_digital|decodificador_bcd:bcd_dez_seg                   ; work         ;
;    |decodificador_bcd:bcd_uni_min|    ; 7          ; 0    ; |relogio_digital|decodificador_bcd:bcd_uni_min                   ; work         ;
;    |decodificador_bcd:bcd_uni_seg|    ; 7          ; 0    ; |relogio_digital|decodificador_bcd:bcd_uni_seg                   ; work         ;
+---------------------------------------+------------+------+------------------------------------------------------------------+--------------+


+----------------------------------------------------------------------------------------------------------------------------------------------+
; Control Signals                                                                                                                              ;
+-------------------------------------------------------+----------+---------+--------------+--------+----------------------+------------------+
; Name                                                  ; Location ; Fan-Out ; Usage        ; Global ; Global Resource Used ; Global Line Name ;
+-------------------------------------------------------+----------+---------+--------------+--------+----------------------+------------------+
; and_2:clock_dezenas_minutos|z~3                       ; SEXP17   ; 3       ; Clock        ; no     ; --                   ; --               ;
; and_2:clock_dezenas_segundos|z~3                      ; SEXP1    ; 3       ; Clock        ; no     ; --                   ; --               ;
; clear                                                 ; PIN_1    ; 14      ; Async. clear ; yes    ; On                   ; --               ;
; clock                                                 ; PIN_43   ; 4       ; Clock        ; yes    ; On                   ; --               ;
; contador_mod10:unidades_segundos|ffjk_bdc:ffjk0|qtemp ; LC10     ; 11      ; Clock enable ; no     ; --                   ; --               ;
; contador_mod10:unidades_segundos|ffjk_bdc:ffjk1|qtemp ; LC2      ; 10      ; Clock enable ; no     ; --                   ; --               ;
; contador_mod6:dezenas_segundos|ffjk_bdc:ffjk2|qtemp   ; LC7      ; 13      ; Clock        ; no     ; --                   ; --               ;
; entrada                                               ; PIN_2    ; 4       ; Clock enable ; no     ; --                   ; --               ;
+-------------------------------------------------------+----------+---------+--------------+--------+----------------------+------------------+


+----------------------------------------------------------------------+
; Global & Other Fast Signals                                          ;
+-------+----------+---------+----------------------+------------------+
; Name  ; Location ; Fan-Out ; Global Resource Used ; Global Line Name ;
+-------+----------+---------+----------------------+------------------+
; clear ; PIN_1    ; 14      ; On                   ; --               ;
; clock ; PIN_43   ; 4       ; On                   ; --               ;
+-------+----------+---------+----------------------+------------------+


+-----------------------------------------------------------------+
; Non-Global High Fan-Out Signals                                 ;
+-------------------------------------------------------+---------+
; Name                                                  ; Fan-Out ;
+-------------------------------------------------------+---------+
; contador_mod6:dezenas_segundos|ffjk_bdc:ffjk2|qtemp   ; 13      ;
; contador_mod10:unidades_minutos|ffjk_bdc:ffjk0|qtemp  ; 11      ;
; contador_mod10:unidades_segundos|ffjk_bdc:ffjk0|qtemp ; 11      ;
; contador_mod10:unidades_minutos|ffjk_bdc:ffjk3|qtemp  ; 10      ;
; contador_mod10:unidades_minutos|ffjk_bdc:ffjk1|qtemp  ; 10      ;
; contador_mod10:unidades_segundos|ffjk_bdc:ffjk3|qtemp ; 10      ;
; contador_mod10:unidades_segundos|ffjk_bdc:ffjk1|qtemp ; 10      ;
; contador_mod6:dezenas_minutos|ffjk_bdc:ffjk1|qtemp    ; 9       ;
; contador_mod6:dezenas_minutos|ffjk_bdc:ffjk2|qtemp    ; 9       ;
; contador_mod6:dezenas_minutos|ffjk_bdc:ffjk0|qtemp    ; 9       ;
; contador_mod6:dezenas_segundos|ffjk_bdc:ffjk1|qtemp   ; 9       ;
; contador_mod6:dezenas_segundos|ffjk_bdc:ffjk0|qtemp   ; 9       ;
; contador_mod10:unidades_minutos|ffjk_bdc:ffjk2|qtemp  ; 8       ;
; contador_mod10:unidades_segundos|ffjk_bdc:ffjk2|qtemp ; 8       ;
; entrada                                               ; 4       ;
; and_2:clock_dezenas_minutos|z~3                       ; 3       ;
; and_2:clock_dezenas_segundos|z~3                      ; 3       ;
; decodificador_bcd:bcd_dez_min|segmentos[1]~41         ; 1       ;
; decodificador_bcd:bcd_dez_min|segmentos[0]~37         ; 1       ;
; decodificador_bcd:bcd_dez_min|segmentos[3]~33         ; 1       ;
; decodificador_bcd:bcd_dez_min|segmentos[2]~26         ; 1       ;
; decodificador_bcd:bcd_dez_min|Equal9~3                ; 1       ;
; decodificador_bcd:bcd_dez_min|segmentos~23            ; 1       ;
; decodificador_bcd:bcd_dez_min|segmentos~19            ; 1       ;
; decodificador_bcd:bcd_uni_min|segmentos[0]~49         ; 1       ;
; decodificador_bcd:bcd_uni_min|segmentos~43            ; 1       ;
; decodificador_bcd:bcd_uni_min|segmentos~36            ; 1       ;
; decodificador_bcd:bcd_uni_min|segmentos[2]~32         ; 1       ;
; decodificador_bcd:bcd_uni_min|segmentos~27            ; 1       ;
; decodificador_bcd:bcd_uni_min|Equal9~10               ; 1       ;
; decodificador_bcd:bcd_uni_min|segmentos[5]~21         ; 1       ;
; decodificador_bcd:bcd_dez_seg|segmentos[1]~41         ; 1       ;
; decodificador_bcd:bcd_dez_seg|segmentos[2]~35         ; 1       ;
; decodificador_bcd:bcd_dez_seg|segmentos[0]~33         ; 1       ;
; decodificador_bcd:bcd_dez_seg|segmentos~28            ; 1       ;
; decodificador_bcd:bcd_dez_seg|Equal9~3                ; 1       ;
; decodificador_bcd:bcd_dez_seg|segmentos[3]~25         ; 1       ;
; decodificador_bcd:bcd_dez_seg|segmentos~19            ; 1       ;
; decodificador_bcd:bcd_uni_seg|segmentos[0]~49         ; 1       ;
; decodificador_bcd:bcd_uni_seg|segmentos~43            ; 1       ;
; decodificador_bcd:bcd_uni_seg|segmentos~36            ; 1       ;
; decodificador_bcd:bcd_uni_seg|segmentos[2]~32         ; 1       ;
; decodificador_bcd:bcd_uni_seg|segmentos~27            ; 1       ;
; decodificador_bcd:bcd_uni_seg|Equal9~10               ; 1       ;
; decodificador_bcd:bcd_uni_seg|segmentos[5]~21         ; 1       ;
+-------------------------------------------------------+---------+


+------------------------------------------------+
; Interconnect Usage Summary                     ;
+----------------------------+-------------------+
; Interconnect Resource Type ; Usage             ;
+----------------------------+-------------------+
; Output enables             ; 0 / 6 ( 0 % )     ;
; PIA buffers                ; 24 / 144 ( 17 % ) ;
+----------------------------+-------------------+


+-----------------------------------------------------------------------+
; LAB Macrocells                                                        ;
+-----------------------------------------+-----------------------------+
; Number of Macrocells  (Average = 10.50) ; Number of LABs  (Total = 4) ;
+-----------------------------------------+-----------------------------+
; 0                                       ; 0                           ;
; 1                                       ; 0                           ;
; 2                                       ; 0                           ;
; 3                                       ; 0                           ;
; 4                                       ; 0                           ;
; 5                                       ; 0                           ;
; 6                                       ; 0                           ;
; 7                                       ; 1                           ;
; 8                                       ; 1                           ;
; 9                                       ; 0                           ;
; 10                                      ; 0                           ;
; 11                                      ; 0                           ;
; 12                                      ; 0                           ;
; 13                                      ; 1                           ;
; 14                                      ; 1                           ;
+-----------------------------------------+-----------------------------+


+-------------------------------------------------------------------------------+
; Shareable Expander                                                            ;
+-------------------------------------------------+-----------------------------+
; Number of shareable expanders  (Average = 0.50) ; Number of LABs  (Total = 2) ;
+-------------------------------------------------+-----------------------------+
; 0                                               ; 2                           ;
; 1                                               ; 2                           ;
+-------------------------------------------------+-----------------------------+


+----------------------------------------------------------------------------------------------------------------------------------------------------------------------------------------------------------------------------------------------------------------------------------------------------------------------------------------------------------------------------------------------------------------------------------------------------------------------------------------------------------------------------------------------------------------------------------------------------------------------------------------------------------------------------------------------------------------------------------------------------------------------------------------------------------------------------------------------------------------------------------------------------------------------------------------------------------------------+
; Logic Cell Interconnection                                                                                                                                                                                                                                                                                                                                                                                                                                                                                                                                                                                                                                                                                                                                                                                                                                                                                                                                           ;
+-----+------------+------------------------------------------------------------------------------------------------------------------------------------------------------------------------------------------------------------------------------------------------------------------------------------+--------------------------------------------------------------------------------------------------------------------------------------------------------------------------------------------------------------------------------------------------------------------------------------------------------------------------------------------------------------------------------------------------------------------------------------------------------------------------------------------------------------------------------------------------------------------------------------------------------------------------------------------------------------+
; LAB ; Logic Cell ; Input                                                                                                                                                                                                                                                                              ; Output                                                                                                                                                                                                                                                                                                                                                                                                                                                                                                                                                                                                                                                       ;
+-----+------------+------------------------------------------------------------------------------------------------------------------------------------------------------------------------------------------------------------------------------------------------------------------------------------+--------------------------------------------------------------------------------------------------------------------------------------------------------------------------------------------------------------------------------------------------------------------------------------------------------------------------------------------------------------------------------------------------------------------------------------------------------------------------------------------------------------------------------------------------------------------------------------------------------------------------------------------------------------+
;  A  ; LC10       ; clock, clear, entrada                                                                                                                                                                                                                                                              ; contador_mod10:unidades_segundos|ffjk_bdc:ffjk1|qtemp, contador_mod10:unidades_segundos|ffjk_bdc:ffjk2|qtemp, contador_mod10:unidades_segundos|ffjk_bdc:ffjk3|qtemp, and_2:clock_dezenas_segundos|z~3, decodificador_bcd:bcd_uni_seg|segmentos[5]~21, decodificador_bcd:bcd_uni_seg|Equal9~10, decodificador_bcd:bcd_uni_seg|segmentos~27, decodificador_bcd:bcd_uni_seg|segmentos[2]~32, decodificador_bcd:bcd_uni_seg|segmentos~36, decodificador_bcd:bcd_uni_seg|segmentos~43, decodificador_bcd:bcd_uni_seg|segmentos[0]~49                                                                                                                              ;
;  A  ; LC2        ; clock, clear, contador_mod10:unidades_segundos|ffjk_bdc:ffjk0|qtemp, contador_mod10:unidades_segundos|ffjk_bdc:ffjk1|qtemp, contador_mod10:unidades_segundos|ffjk_bdc:ffjk3|qtemp                                                                                                  ; contador_mod10:unidades_segundos|ffjk_bdc:ffjk1|qtemp, contador_mod10:unidades_segundos|ffjk_bdc:ffjk2|qtemp, contador_mod10:unidades_segundos|ffjk_bdc:ffjk3|qtemp, decodificador_bcd:bcd_uni_seg|segmentos[5]~21, decodificador_bcd:bcd_uni_seg|Equal9~10, decodificador_bcd:bcd_uni_seg|segmentos~27, decodificador_bcd:bcd_uni_seg|segmentos[2]~32, decodificador_bcd:bcd_uni_seg|segmentos~36, decodificador_bcd:bcd_uni_seg|segmentos~43, decodificador_bcd:bcd_uni_seg|segmentos[0]~49                                                                                                                                                                ;
;  A  ; LC6        ; clock, clear, contador_mod10:unidades_segundos|ffjk_bdc:ffjk0|qtemp, contador_mod10:unidades_segundos|ffjk_bdc:ffjk1|qtemp                                                                                                                                                         ; contador_mod10:unidades_segundos|ffjk_bdc:ffjk3|qtemp, decodificador_bcd:bcd_uni_seg|segmentos[5]~21, decodificador_bcd:bcd_uni_seg|Equal9~10, decodificador_bcd:bcd_uni_seg|segmentos~27, decodificador_bcd:bcd_uni_seg|segmentos[2]~32, decodificador_bcd:bcd_uni_seg|segmentos~36, decodificador_bcd:bcd_uni_seg|segmentos~43, decodificador_bcd:bcd_uni_seg|segmentos[0]~49                                                                                                                                                                                                                                                                              ;
;  A  ; LC4        ; contador_mod6:dezenas_segundos|ffjk_bdc:ffjk0|qtemp, contador_mod6:dezenas_segundos|ffjk_bdc:ffjk2|qtemp, contador_mod6:dezenas_segundos|ffjk_bdc:ffjk1|qtemp                                                                                                                      ; dez_sec[3]                                                                                                                                                                                                                                                                                                                                                                                                                                                                                                                                                                                                                                                   ;
;  A  ; LC9        ; clear, entrada, and_2:clock_dezenas_segundos|z~3                                                                                                                                                                                                                                   ; contador_mod6:dezenas_segundos|ffjk_bdc:ffjk1|qtemp, decodificador_bcd:bcd_dez_seg|segmentos~19, decodificador_bcd:bcd_dez_seg|segmentos[3]~25, contador_mod6:dezenas_segundos|ffjk_bdc:ffjk2|qtemp, decodificador_bcd:bcd_dez_seg|Equal9~3, decodificador_bcd:bcd_dez_seg|segmentos~28, decodificador_bcd:bcd_dez_seg|segmentos[0]~33, decodificador_bcd:bcd_dez_seg|segmentos[2]~35, decodificador_bcd:bcd_dez_seg|segmentos[1]~41                                                                                                                                                                                                                         ;
;  A  ; LC16       ; contador_mod6:dezenas_segundos|ffjk_bdc:ffjk0|qtemp, contador_mod6:dezenas_segundos|ffjk_bdc:ffjk1|qtemp, contador_mod6:dezenas_segundos|ffjk_bdc:ffjk2|qtemp                                                                                                                      ; dez_sec[1]                                                                                                                                                                                                                                                                                                                                                                                                                                                                                                                                                                                                                                                   ;
;  A  ; LC7        ; clear, contador_mod6:dezenas_segundos|ffjk_bdc:ffjk0|qtemp, contador_mod6:dezenas_segundos|ffjk_bdc:ffjk2|qtemp, contador_mod6:dezenas_segundos|ffjk_bdc:ffjk1|qtemp, and_2:clock_dezenas_segundos|z~3                                                                             ; contador_mod6:dezenas_segundos|ffjk_bdc:ffjk1|qtemp, decodificador_bcd:bcd_dez_seg|segmentos~19, decodificador_bcd:bcd_dez_seg|segmentos[3]~25, contador_mod6:dezenas_segundos|ffjk_bdc:ffjk2|qtemp, contador_mod10:unidades_minutos|ffjk_bdc:ffjk0|qtemp, decodificador_bcd:bcd_dez_seg|Equal9~3, decodificador_bcd:bcd_dez_seg|segmentos~28, decodificador_bcd:bcd_dez_seg|segmentos[0]~33, decodificador_bcd:bcd_dez_seg|segmentos[2]~35, decodificador_bcd:bcd_dez_seg|segmentos[1]~41, contador_mod10:unidades_minutos|ffjk_bdc:ffjk1|qtemp, contador_mod10:unidades_minutos|ffjk_bdc:ffjk2|qtemp, contador_mod10:unidades_minutos|ffjk_bdc:ffjk3|qtemp ;
;  A  ; LC8        ; clear, entrada, contador_mod6:dezenas_segundos|ffjk_bdc:ffjk2|qtemp                                                                                                                                                                                                                ; contador_mod10:unidades_minutos|ffjk_bdc:ffjk1|qtemp, contador_mod10:unidades_minutos|ffjk_bdc:ffjk2|qtemp, contador_mod10:unidades_minutos|ffjk_bdc:ffjk3|qtemp, and_2:clock_dezenas_minutos|z~3, decodificador_bcd:bcd_uni_min|segmentos[5]~21, decodificador_bcd:bcd_uni_min|Equal9~10, decodificador_bcd:bcd_uni_min|segmentos~27, decodificador_bcd:bcd_uni_min|segmentos[2]~32, decodificador_bcd:bcd_uni_min|segmentos~36, decodificador_bcd:bcd_uni_min|segmentos~43, decodificador_bcd:bcd_uni_min|segmentos[0]~49                                                                                                                                  ;
;  A  ; LC1        ; contador_mod6:dezenas_segundos|ffjk_bdc:ffjk2|qtemp, contador_mod6:dezenas_segundos|ffjk_bdc:ffjk0|qtemp, contador_mod6:dezenas_segundos|ffjk_bdc:ffjk1|qtemp                                                                                                                      ; dez_sec[4]                                                                                                                                                                                                                                                                                                                                                                                                                                                                                                                                                                                                                                                   ;
;  A  ; LC5        ; contador_mod6:dezenas_segundos|ffjk_bdc:ffjk2|qtemp, contador_mod6:dezenas_segundos|ffjk_bdc:ffjk0|qtemp, contador_mod6:dezenas_segundos|ffjk_bdc:ffjk1|qtemp                                                                                                                      ; dez_sec[5]                                                                                                                                                                                                                                                                                                                                                                                                                                                                                                                                                                                                                                                   ;
;  A  ; LC11       ; contador_mod6:dezenas_segundos|ffjk_bdc:ffjk2|qtemp, contador_mod6:dezenas_segundos|ffjk_bdc:ffjk1|qtemp, contador_mod6:dezenas_segundos|ffjk_bdc:ffjk0|qtemp                                                                                                                      ; dez_sec[0]                                                                                                                                                                                                                                                                                                                                                                                                                                                                                                                                                                                                                                                   ;
;  A  ; LC12       ; clear, contador_mod6:dezenas_segundos|ffjk_bdc:ffjk0|qtemp, contador_mod6:dezenas_segundos|ffjk_bdc:ffjk1|qtemp, contador_mod6:dezenas_segundos|ffjk_bdc:ffjk2|qtemp, and_2:clock_dezenas_segundos|z~3                                                                             ; contador_mod6:dezenas_segundos|ffjk_bdc:ffjk1|qtemp, decodificador_bcd:bcd_dez_seg|segmentos~19, decodificador_bcd:bcd_dez_seg|segmentos[3]~25, contador_mod6:dezenas_segundos|ffjk_bdc:ffjk2|qtemp, decodificador_bcd:bcd_dez_seg|Equal9~3, decodificador_bcd:bcd_dez_seg|segmentos~28, decodificador_bcd:bcd_dez_seg|segmentos[0]~33, decodificador_bcd:bcd_dez_seg|segmentos[2]~35, decodificador_bcd:bcd_dez_seg|segmentos[1]~41                                                                                                                                                                                                                         ;
;  A  ; LC14       ; contador_mod6:dezenas_segundos|ffjk_bdc:ffjk1|qtemp, contador_mod6:dezenas_segundos|ffjk_bdc:ffjk2|qtemp, contador_mod6:dezenas_segundos|ffjk_bdc:ffjk0|qtemp                                                                                                                      ; dez_sec[2]                                                                                                                                                                                                                                                                                                                                                                                                                                                                                                                                                                                                                                                   ;
;  A  ; LC3        ; contador_mod6:dezenas_segundos|ffjk_bdc:ffjk0|qtemp, contador_mod6:dezenas_segundos|ffjk_bdc:ffjk2|qtemp, contador_mod6:dezenas_segundos|ffjk_bdc:ffjk1|qtemp                                                                                                                      ; dez_sec[6]                                                                                                                                                                                                                                                                                                                                                                                                                                                                                                                                                                                                                                                   ;
;  B  ; LC27       ; clear, contador_mod6:dezenas_minutos|ffjk_bdc:ffjk0|qtemp, contador_mod6:dezenas_minutos|ffjk_bdc:ffjk2|qtemp, contador_mod6:dezenas_minutos|ffjk_bdc:ffjk1|qtemp, and_2:clock_dezenas_minutos|z~3                                                                                 ; contador_mod6:dezenas_minutos|ffjk_bdc:ffjk2|qtemp, decodificador_bcd:bcd_dez_min|segmentos~19, contador_mod6:dezenas_minutos|ffjk_bdc:ffjk1|qtemp, decodificador_bcd:bcd_dez_min|segmentos~23, decodificador_bcd:bcd_dez_min|Equal9~3, decodificador_bcd:bcd_dez_min|segmentos[2]~26, decodificador_bcd:bcd_dez_min|segmentos[3]~33, decodificador_bcd:bcd_dez_min|segmentos[0]~37, decodificador_bcd:bcd_dez_min|segmentos[1]~41                                                                                                                                                                                                                           ;
;  B  ; LC17       ; contador_mod6:dezenas_minutos|ffjk_bdc:ffjk2|qtemp, contador_mod6:dezenas_minutos|ffjk_bdc:ffjk0|qtemp, contador_mod6:dezenas_minutos|ffjk_bdc:ffjk1|qtemp                                                                                                                         ; dez_min[5]                                                                                                                                                                                                                                                                                                                                                                                                                                                                                                                                                                                                                                                   ;
;  B  ; LC26       ; clear, contador_mod6:dezenas_minutos|ffjk_bdc:ffjk0|qtemp, contador_mod6:dezenas_minutos|ffjk_bdc:ffjk1|qtemp, contador_mod6:dezenas_minutos|ffjk_bdc:ffjk2|qtemp, and_2:clock_dezenas_minutos|z~3                                                                                 ; contador_mod6:dezenas_minutos|ffjk_bdc:ffjk2|qtemp, decodificador_bcd:bcd_dez_min|segmentos~19, contador_mod6:dezenas_minutos|ffjk_bdc:ffjk1|qtemp, decodificador_bcd:bcd_dez_min|segmentos~23, decodificador_bcd:bcd_dez_min|Equal9~3, decodificador_bcd:bcd_dez_min|segmentos[2]~26, decodificador_bcd:bcd_dez_min|segmentos[3]~33, decodificador_bcd:bcd_dez_min|segmentos[0]~37, decodificador_bcd:bcd_dez_min|segmentos[1]~41                                                                                                                                                                                                                           ;
;  B  ; LC20       ; contador_mod6:dezenas_minutos|ffjk_bdc:ffjk2|qtemp, contador_mod6:dezenas_minutos|ffjk_bdc:ffjk0|qtemp, contador_mod6:dezenas_minutos|ffjk_bdc:ffjk1|qtemp                                                                                                                         ; dez_min[4]                                                                                                                                                                                                                                                                                                                                                                                                                                                                                                                                                                                                                                                   ;
;  B  ; LC21       ; contador_mod6:dezenas_minutos|ffjk_bdc:ffjk1|qtemp, contador_mod6:dezenas_minutos|ffjk_bdc:ffjk2|qtemp, contador_mod6:dezenas_minutos|ffjk_bdc:ffjk0|qtemp                                                                                                                         ; dez_min[2]                                                                                                                                                                                                                                                                                                                                                                                                                                                                                                                                                                                                                                                   ;
;  B  ; LC24       ; contador_mod6:dezenas_minutos|ffjk_bdc:ffjk0|qtemp, contador_mod6:dezenas_minutos|ffjk_bdc:ffjk2|qtemp, contador_mod6:dezenas_minutos|ffjk_bdc:ffjk1|qtemp                                                                                                                         ; dez_min[3]                                                                                                                                                                                                                                                                                                                                                                                                                                                                                                                                                                                                                                                   ;
;  B  ; LC25       ; contador_mod6:dezenas_minutos|ffjk_bdc:ffjk2|qtemp, contador_mod6:dezenas_minutos|ffjk_bdc:ffjk1|qtemp, contador_mod6:dezenas_minutos|ffjk_bdc:ffjk0|qtemp                                                                                                                         ; dez_min[0]                                                                                                                                                                                                                                                                                                                                                                                                                                                                                                                                                                                                                                                   ;
;  B  ; LC30       ; contador_mod6:dezenas_minutos|ffjk_bdc:ffjk0|qtemp, contador_mod6:dezenas_minutos|ffjk_bdc:ffjk1|qtemp, contador_mod6:dezenas_minutos|ffjk_bdc:ffjk2|qtemp                                                                                                                         ; dez_min[1]                                                                                                                                                                                                                                                                                                                                                                                                                                                                                                                                                                                                                                                   ;
;  B  ; LC18       ; clear, contador_mod10:unidades_minutos|ffjk_bdc:ffjk0|qtemp, contador_mod10:unidades_minutos|ffjk_bdc:ffjk1|qtemp, contador_mod10:unidades_minutos|ffjk_bdc:ffjk3|qtemp, contador_mod6:dezenas_segundos|ffjk_bdc:ffjk2|qtemp                                                       ; contador_mod10:unidades_minutos|ffjk_bdc:ffjk1|qtemp, contador_mod10:unidades_minutos|ffjk_bdc:ffjk2|qtemp, contador_mod10:unidades_minutos|ffjk_bdc:ffjk3|qtemp, decodificador_bcd:bcd_uni_min|segmentos[5]~21, decodificador_bcd:bcd_uni_min|Equal9~10, decodificador_bcd:bcd_uni_min|segmentos~27, decodificador_bcd:bcd_uni_min|segmentos[2]~32, decodificador_bcd:bcd_uni_min|segmentos~36, decodificador_bcd:bcd_uni_min|segmentos~43, decodificador_bcd:bcd_uni_min|segmentos[0]~49                                                                                                                                                                   ;
;  B  ; LC23       ; clear, contador_mod10:unidades_minutos|ffjk_bdc:ffjk0|qtemp, contador_mod10:unidades_minutos|ffjk_bdc:ffjk1|qtemp, contador_mod6:dezenas_segundos|ffjk_bdc:ffjk2|qtemp                                                                                                             ; contador_mod10:unidades_minutos|ffjk_bdc:ffjk3|qtemp, decodificador_bcd:bcd_uni_min|segmentos[5]~21, decodificador_bcd:bcd_uni_min|Equal9~10, decodificador_bcd:bcd_uni_min|segmentos~27, decodificador_bcd:bcd_uni_min|segmentos[2]~32, decodificador_bcd:bcd_uni_min|segmentos~36, decodificador_bcd:bcd_uni_min|segmentos~43, decodificador_bcd:bcd_uni_min|segmentos[0]~49                                                                                                                                                                                                                                                                               ;
;  B  ; LC28       ; clear, contador_mod10:unidades_minutos|ffjk_bdc:ffjk0|qtemp, contador_mod10:unidades_minutos|ffjk_bdc:ffjk3|qtemp, contador_mod10:unidades_minutos|ffjk_bdc:ffjk1|qtemp, contador_mod10:unidades_minutos|ffjk_bdc:ffjk2|qtemp, contador_mod6:dezenas_segundos|ffjk_bdc:ffjk2|qtemp ; contador_mod10:unidades_minutos|ffjk_bdc:ffjk1|qtemp, contador_mod10:unidades_minutos|ffjk_bdc:ffjk3|qtemp, and_2:clock_dezenas_minutos|z~3, decodificador_bcd:bcd_uni_min|segmentos[5]~21, decodificador_bcd:bcd_uni_min|Equal9~10, decodificador_bcd:bcd_uni_min|segmentos~27, decodificador_bcd:bcd_uni_min|segmentos[2]~32, decodificador_bcd:bcd_uni_min|segmentos~36, decodificador_bcd:bcd_uni_min|segmentos~43, decodificador_bcd:bcd_uni_min|segmentos[0]~49                                                                                                                                                                                        ;
;  B  ; LC29       ; clear, entrada, and_2:clock_dezenas_minutos|z~3                                                                                                                                                                                                                                    ; contador_mod6:dezenas_minutos|ffjk_bdc:ffjk2|qtemp, decodificador_bcd:bcd_dez_min|segmentos~19, contador_mod6:dezenas_minutos|ffjk_bdc:ffjk1|qtemp, decodificador_bcd:bcd_dez_min|segmentos~23, decodificador_bcd:bcd_dez_min|Equal9~3, decodificador_bcd:bcd_dez_min|segmentos[2]~26, decodificador_bcd:bcd_dez_min|segmentos[3]~33, decodificador_bcd:bcd_dez_min|segmentos[0]~37, decodificador_bcd:bcd_dez_min|segmentos[1]~41                                                                                                                                                                                                                           ;
;  B  ; LC19       ; contador_mod6:dezenas_minutos|ffjk_bdc:ffjk0|qtemp, contador_mod6:dezenas_minutos|ffjk_bdc:ffjk2|qtemp, contador_mod6:dezenas_minutos|ffjk_bdc:ffjk1|qtemp                                                                                                                         ; dez_min[6]                                                                                                                                                                                                                                                                                                                                                                                                                                                                                                                                                                                                                                                   ;
;  C  ; LC38       ; clock, clear, contador_mod10:unidades_segundos|ffjk_bdc:ffjk0|qtemp, contador_mod10:unidades_segundos|ffjk_bdc:ffjk3|qtemp, contador_mod10:unidades_segundos|ffjk_bdc:ffjk1|qtemp, contador_mod10:unidades_segundos|ffjk_bdc:ffjk2|qtemp                                           ; contador_mod10:unidades_segundos|ffjk_bdc:ffjk1|qtemp, contador_mod10:unidades_segundos|ffjk_bdc:ffjk3|qtemp, and_2:clock_dezenas_segundos|z~3, decodificador_bcd:bcd_uni_seg|segmentos[5]~21, decodificador_bcd:bcd_uni_seg|Equal9~10, decodificador_bcd:bcd_uni_seg|segmentos~27, decodificador_bcd:bcd_uni_seg|segmentos[2]~32, decodificador_bcd:bcd_uni_seg|segmentos~36, decodificador_bcd:bcd_uni_seg|segmentos~43, decodificador_bcd:bcd_uni_seg|segmentos[0]~49                                                                                                                                                                                     ;
;  C  ; LC36       ; contador_mod10:unidades_segundos|ffjk_bdc:ffjk0|qtemp, contador_mod10:unidades_segundos|ffjk_bdc:ffjk2|qtemp, contador_mod10:unidades_segundos|ffjk_bdc:ffjk1|qtemp, contador_mod10:unidades_segundos|ffjk_bdc:ffjk3|qtemp                                                         ; uni_sec[4]                                                                                                                                                                                                                                                                                                                                                                                                                                                                                                                                                                                                                                                   ;
;  C  ; LC37       ; contador_mod10:unidades_segundos|ffjk_bdc:ffjk2|qtemp, contador_mod10:unidades_segundos|ffjk_bdc:ffjk1|qtemp, contador_mod10:unidades_segundos|ffjk_bdc:ffjk0|qtemp, contador_mod10:unidades_segundos|ffjk_bdc:ffjk3|qtemp                                                         ; uni_sec[1]                                                                                                                                                                                                                                                                                                                                                                                                                                                                                                                                                                                                                                                   ;
;  C  ; LC33       ; contador_mod10:unidades_segundos|ffjk_bdc:ffjk3|qtemp, contador_mod10:unidades_segundos|ffjk_bdc:ffjk1|qtemp, contador_mod10:unidades_segundos|ffjk_bdc:ffjk2|qtemp, contador_mod10:unidades_segundos|ffjk_bdc:ffjk0|qtemp                                                         ; uni_sec[2]                                                                                                                                                                                                                                                                                                                                                                                                                                                                                                                                                                                                                                                   ;
;  C  ; LC40       ; contador_mod10:unidades_segundos|ffjk_bdc:ffjk2|qtemp, contador_mod10:unidades_segundos|ffjk_bdc:ffjk0|qtemp, contador_mod10:unidades_segundos|ffjk_bdc:ffjk3|qtemp, contador_mod10:unidades_segundos|ffjk_bdc:ffjk1|qtemp                                                         ; uni_sec[6]                                                                                                                                                                                                                                                                                                                                                                                                                                                                                                                                                                                                                                                   ;
;  C  ; LC41       ; contador_mod10:unidades_segundos|ffjk_bdc:ffjk1|qtemp, contador_mod10:unidades_segundos|ffjk_bdc:ffjk2|qtemp, contador_mod10:unidades_segundos|ffjk_bdc:ffjk0|qtemp, contador_mod10:unidades_segundos|ffjk_bdc:ffjk3|qtemp                                                         ; uni_sec[3]                                                                                                                                                                                                                                                                                                                                                                                                                                                                                                                                                                                                                                                   ;
;  C  ; LC46       ; contador_mod10:unidades_segundos|ffjk_bdc:ffjk1|qtemp, contador_mod10:unidades_segundos|ffjk_bdc:ffjk2|qtemp, contador_mod10:unidades_segundos|ffjk_bdc:ffjk3|qtemp, contador_mod10:unidades_segundos|ffjk_bdc:ffjk0|qtemp                                                         ; uni_sec[0]                                                                                                                                                                                                                                                                                                                                                                                                                                                                                                                                                                                                                                                   ;
;  C  ; LC35       ; contador_mod10:unidades_segundos|ffjk_bdc:ffjk0|qtemp, contador_mod10:unidades_segundos|ffjk_bdc:ffjk1|qtemp, contador_mod10:unidades_segundos|ffjk_bdc:ffjk2|qtemp, contador_mod10:unidades_segundos|ffjk_bdc:ffjk3|qtemp                                                         ; uni_sec[5]                                                                                                                                                                                                                                                                                                                                                                                                                                                                                                                                                                                                                                                   ;
;  D  ; LC62       ; contador_mod10:unidades_minutos|ffjk_bdc:ffjk2|qtemp, contador_mod10:unidades_minutos|ffjk_bdc:ffjk1|qtemp, contador_mod10:unidades_minutos|ffjk_bdc:ffjk0|qtemp, contador_mod10:unidades_minutos|ffjk_bdc:ffjk3|qtemp                                                             ; uni_min[1]                                                                                                                                                                                                                                                                                                                                                                                                                                                                                                                                                                                                                                                   ;
;  D  ; LC64       ; contador_mod10:unidades_minutos|ffjk_bdc:ffjk3|qtemp, contador_mod10:unidades_minutos|ffjk_bdc:ffjk1|qtemp, contador_mod10:unidades_minutos|ffjk_bdc:ffjk2|qtemp, contador_mod10:unidades_minutos|ffjk_bdc:ffjk0|qtemp                                                             ; uni_min[2]                                                                                                                                                                                                                                                                                                                                                                                                                                                                                                                                                                                                                                                   ;
;  D  ; LC49       ; contador_mod10:unidades_minutos|ffjk_bdc:ffjk2|qtemp, contador_mod10:unidades_minutos|ffjk_bdc:ffjk0|qtemp, contador_mod10:unidades_minutos|ffjk_bdc:ffjk3|qtemp, contador_mod10:unidades_minutos|ffjk_bdc:ffjk1|qtemp                                                             ; uni_min[6]                                                                                                                                                                                                                                                                                                                                                                                                                                                                                                                                                                                                                                                   ;
;  D  ; LC53       ; contador_mod10:unidades_minutos|ffjk_bdc:ffjk0|qtemp, contador_mod10:unidades_minutos|ffjk_bdc:ffjk1|qtemp, contador_mod10:unidades_minutos|ffjk_bdc:ffjk2|qtemp, contador_mod10:unidades_minutos|ffjk_bdc:ffjk3|qtemp                                                             ; uni_min[5]                                                                                                                                                                                                                                                                                                                                                                                                                                                                                                                                                                                                                                                   ;
;  D  ; LC57       ; contador_mod10:unidades_minutos|ffjk_bdc:ffjk0|qtemp, contador_mod10:unidades_minutos|ffjk_bdc:ffjk2|qtemp, contador_mod10:unidades_minutos|ffjk_bdc:ffjk1|qtemp, contador_mod10:unidades_minutos|ffjk_bdc:ffjk3|qtemp                                                             ; uni_min[4]                                                                                                                                                                                                                                                                                                                                                                                                                                                                                                                                                                                                                                                   ;
;  D  ; LC52       ; contador_mod10:unidades_minutos|ffjk_bdc:ffjk1|qtemp, contador_mod10:unidades_minutos|ffjk_bdc:ffjk2|qtemp, contador_mod10:unidades_minutos|ffjk_bdc:ffjk3|qtemp, contador_mod10:unidades_minutos|ffjk_bdc:ffjk0|qtemp                                                             ; uni_min[0]                                                                                                                                                                                                                                                                                                                                                                                                                                                                                                                                                                                                                                                   ;
;  D  ; LC51       ; contador_mod10:unidades_minutos|ffjk_bdc:ffjk1|qtemp, contador_mod10:unidades_minutos|ffjk_bdc:ffjk2|qtemp, contador_mod10:unidades_minutos|ffjk_bdc:ffjk0|qtemp, contador_mod10:unidades_minutos|ffjk_bdc:ffjk3|qtemp                                                             ; uni_min[3]                                                                                                                                                                                                                                                                                                                                                                                                                                                                                                                                                                                                                                                   ;
+-----+------------+------------------------------------------------------------------------------------------------------------------------------------------------------------------------------------------------------------------------------------------------------------------------------------+--------------------------------------------------------------------------------------------------------------------------------------------------------------------------------------------------------------------------------------------------------------------------------------------------------------------------------------------------------------------------------------------------------------------------------------------------------------------------------------------------------------------------------------------------------------------------------------------------------------------------------------------------------------+


+---------------------------------------------------------------+
; Fitter Device Options                                         ;
+----------------------------------------------+----------------+
; Option                                       ; Setting        ;
+----------------------------------------------+----------------+
; Enable user-supplied start-up clock (CLKUSR) ; Off            ;
; Enable device-wide reset (DEV_CLRn)          ; Off            ;
; Enable device-wide output enable (DEV_OE)    ; Off            ;
; Enable INIT_DONE output                      ; Off            ;
; Configuration scheme                         ; Passive Serial ;
; Security bit                                 ; Off            ;
; Base pin-out file on sameframe device        ; Off            ;
+----------------------------------------------+----------------+


+-----------------+
; Fitter Messages ;
+-----------------+
Info: *******************************************************************
Info: Running Quartus II Fitter
    Info: Version 9.1 Build 350 03/24/2010 Service Pack 2 SJ Web Edition
    Info: Processing started: Mon Jul 09 12:57:14 2018
Info: Command: quartus_fit --read_settings_files=off --write_settings_files=off relogio_digital -c relogio_digital
Info: Selected device EPM7064SLC44-7 for design "relogio_digital"
Info: Quartus II Fitter was successful. 0 errors, 0 warnings
    Info: Peak virtual memory: 201 megabytes
    Info: Processing ended: Mon Jul 09 12:57:17 2018
    Info: Elapsed time: 00:00:03
    Info: Total CPU time (on all processors): 00:00:01


