MIF/HEX Update report for ULA1BIT
Tue May 29 16:35:07 2018
Quartus II Version 9.1 Build 350 03/24/2010 Service Pack 2 SJ Web Edition


---------------------
; Table of Contents ;
---------------------
  1. Legal Notice
  2. MIF/HEX Update Summary
  3. MIF/HEX Update Processed Files
  4. MIF/HEX Update Messages



----------------
; Legal Notice ;
----------------
Copyright (C) 1991-2010 Altera Corporation
Your use of Altera Corporation's design tools, logic functions 
and other software and tools, and its AMPP partner logic 
functions, and any output files from any of the foregoing 
(including device programming or simulation files), and any 
associated documentation or information are expressly subject 
to the terms and conditions of the Altera Program License 
Subscription Agreement, Altera MegaCore Function License 
Agreement, or other applicable license agreement, including, 
without limitation, that your use is for the sole purpose of 
programming logic devices manufactured by Altera and sold by 
Altera or its authorized distributors.  Please refer to the 
applicable agreement for further details.



+-----------------------------------------------------------+
; MIF/HEX Update Summary                                    ;
+-----------------------+-----------------------------------+
; MIF/HEX Update Status ; Failed - Tue May 29 16:35:07 2018 ;
; Revision Name         ; ULA1BIT                           ;
; Top-level Entity Name ; compon                            ;
; Family                ; MAX7000S                          ;
; Device                ; EPM7128SLC84-7                    ;
+-----------------------+-----------------------------------+


+--------------------------------+
; MIF/HEX Update Processed Files ;
+--------------------------------+
; File Name                      ;
+--------------------------------+


+-------------------------+
; MIF/HEX Update Messages ;
+-------------------------+
Info: *******************************************************************
Info: Running Quartus II MIF/HEX Update
    Info: Version 9.1 Build 350 03/24/2010 Service Pack 2 SJ Web Edition
    Info: Processing started: Tue May 29 16:35:07 2018
Info: Command: quartus_cdb ULA1BIT -c ULA1BIT --update_mif
Error: Compiler Database Interface (quartus_cdb) --update_mif option is not supported for MAX7000S device family. To use --update_mif option, specify a supported target device family.
Error: Quartus II MIF/HEX Update was unsuccessful. 1 error, 0 warnings
    Error: Peak virtual memory: 208 megabytes
    Error: Processing ended: Tue May 29 16:35:07 2018
    Error: Elapsed time: 00:00:00
    Error: Total CPU time (on all processors): 00:00:01


